../drivers/src/stm32f407xx_usart_driver.c:10:6:USART_PeriClockControl	16	static
../drivers/src/stm32f407xx_usart_driver.c:47:6:USART_PeripheralControl	16	static
../drivers/src/stm32f407xx_usart_driver.c:59:6:USART_Init	24	static
../drivers/src/stm32f407xx_usart_driver.c:156:6:USART_DeInit	16	static
../drivers/src/stm32f407xx_usart_driver.c:164:6:USART_SendData	32	static
../drivers/src/stm32f407xx_usart_driver.c:211:6:USART_ReceiveData	32	static
../drivers/src/stm32f407xx_usart_driver.c:274:9:USART_SendDataIT	32	static
../drivers/src/stm32f407xx_usart_driver.c:299:9:USART_ReceiveDataIT	32	static
../drivers/src/stm32f407xx_usart_driver.c:320:6:USART_SetBaudRate	40	static
../drivers/src/stm32f407xx_usart_driver.c:386:9:USART_GetFlagStatus	16	static
../drivers/src/stm32f407xx_usart_driver.c:397:6:USART_ClearFlag	16	static
../drivers/src/stm32f407xx_usart_driver.c:403:6:USART_IRQInterruptConfig	16	static
../drivers/src/stm32f407xx_usart_driver.c:443:6:USART_IRQPriorityConfig	24	static
../drivers/src/stm32f407xx_usart_driver.c:455:6:USART_IRQHandling	32	static
