21:20:37 **** Incremental Build of configuration Debug for project GPIO_DriverDevelopment ****
make -j8 all 
arm-none-eabi-gcc "../Src/spi_tx_testing.c" -mcpu=cortex-m4 -std=gnu11 -g3 -DDEBUG -DSTM32 -DSTM32F407G_DISC1 -DSTM32F4 -DSTM32F407VGTx -c -I"C:/LowLevelDriverDevelopment/Workspace_LLDD/STM32_GPIO/GPIO_DriverDevelopment/drivers/inc" -O0 -ffunction-sections -fdata-sections -Wall -fstack-usage -fcyclomatic-complexity -MMD -MP -MF"Src/spi_tx_testing.d" -MT"Src/spi_tx_testing.o" --specs=nano.specs -mfpu=fpv4-sp-d16 -mfloat-abi=hard -mthumb -o "Src/spi_tx_testing.o"
arm-none-eabi-gcc "../Src/syscalls.c" -mcpu=cortex-m4 -std=gnu11 -g3 -DDEBUG -DSTM32 -DSTM32F407G_DISC1 -DSTM32F4 -DSTM32F407VGTx -c -I"C:/LowLevelDriverDevelopment/Workspace_LLDD/STM32_GPIO/GPIO_DriverDevelopment/drivers/inc" -O0 -ffunction-sections -fdata-sections -Wall -fstack-usage -fcyclomatic-complexity -MMD -MP -MF"Src/syscalls.d" -MT"Src/syscalls.o" --specs=nano.specs -mfpu=fpv4-sp-d16 -mfloat-abi=hard -mthumb -o "Src/syscalls.o"
arm-none-eabi-gcc "../Src/sysmem.c" -mcpu=cortex-m4 -std=gnu11 -g3 -DDEBUG -DSTM32 -DSTM32F407G_DISC1 -DSTM32F4 -DSTM32F407VGTx -c -I"C:/LowLevelDriverDevelopment/Workspace_LLDD/STM32_GPIO/GPIO_DriverDevelopment/drivers/inc" -O0 -ffunction-sections -fdata-sections -Wall -fstack-usage -fcyclomatic-complexity -MMD -MP -MF"Src/sysmem.d" -MT"Src/sysmem.o" --specs=nano.specs -mfpu=fpv4-sp-d16 -mfloat-abi=hard -mthumb -o "Src/sysmem.o"
arm-none-eabi-gcc -o "GPIO_DriverDevelopment.elf" @"objects.list"   -mcpu=cortex-m4 -T"C:\LowLevelDriverDevelopment\Workspace_LLDD\STM32_GPIO\GPIO_DriverDevelopment\STM32F407VGTX_FLASH.ld" --specs=nosys.specs -Wl,-Map="GPIO_DriverDevelopment.map" -Wl,--gc-sections -static --specs=nano.specs -mfpu=fpv4-sp-d16 -mfloat-abi=hard -mthumb -Wl,--start-group -lc -lm -Wl,--end-group
Finished building target: GPIO_DriverDevelopment.elf
 
arm-none-eabi-size  GPIO_DriverDevelopment.elf 
arm-none-eabi-objdump -h -S GPIO_DriverDevelopment.elf  > "GPIO_DriverDevelopment.list"
   text	   data	    bss	    dec	    hex	filename
    660	      0	   1568	   2228	    8b4	GPIO_DriverDevelopment.elf
Finished building: default.size.stdout
 
Finished building: GPIO_DriverDevelopment.list
 
